52,52
25,45
blocks:
0,0,jungle,grass,center
0,1,jungle,grass,center
0,2,jungle,grass,center
0,3,jungle,grass,center
0,4,jungle,grass,center
0,5,jungle,grass,center
0,6,jungle,grass,center
0,7,jungle,grass,center
0,8,jungle,grass,center
0,9,jungle,grass,center
0,10,jungle,grass,center
0,11,jungle,grass,center
0,12,jungle,grass,center
0,13,jungle,grass,center
0,14,jungle,grass,center
0,15,jungle,grass,center
0,16,jungle,grass,center
0,17,jungle,grass,center
0,18,jungle,grass,center
0,19,jungle,grass,center
0,20,jungle,grass,center
0,21,jungle,grass,center
0,22,jungle,grass,center
0,23,jungle,grass,center
0,24,jungle,grass,center
0,25,jungle,grass,center
0,26,jungle,grass,center
0,27,jungle,grass,center
0,28,jungle,grass,center
0,29,jungle,grass,center
0,30,jungle,grass,center
0,31,jungle,grass,center
0,32,jungle,grass,center
0,33,jungle,grass,center
0,34,jungle,grass,center
0,35,jungle,grass,center
0,36,jungle,grass,center
0,37,jungle,grass,center
0,38,jungle,grass,center
0,39,jungle,grass,center
0,40,jungle,grass,center
0,41,jungle,grass,center
0,42,jungle,grass,center
0,43,jungle,grass,center
0,44,jungle,grass,center
0,45,jungle,grass,center
0,46,jungle,grass,center
0,47,jungle,grass,center
0,48,jungle,grass,center
0,49,jungle,grass,center
0,50,jungle,grass,center
0,0,jungle,grass,center
1,1,jungle,grass,right
1,2,jungle,grass,right
1,3,jungle,grass,right
1,4,jungle,grass,right
1,5,jungle,grass,right
1,6,jungle,grass,right
1,7,jungle,grass,right
1,8,jungle,grass,right
1,9,jungle,grass,right
1,10,jungle,grass,right
1,11,jungle,grass,right
1,12,jungle,grass,right
1,13,jungle,grass,right
1,14,jungle,grass,right
1,15,jungle,grass,right
1,16,jungle,grass,right
1,17,jungle,grass,right
1,18,jungle,grass,right
1,19,jungle,grass,right
1,20,jungle,grass,right
1,21,jungle,grass,right
1,22,jungle,grass,right
1,23,jungle,grass,right
1,24,jungle,grass,right
1,25,jungle,grass,right
1,26,jungle,grass,right
1,27,jungle,grass,right
1,28,jungle,grass,right
1,29,jungle,grass,right
1,30,jungle,grass,right
1,31,jungle,grass,right
1,32,jungle,grass,right
1,33,jungle,grass,right
1,34,jungle,grass,right
1,35,jungle,grass,right
1,36,jungle,grass,right
1,37,jungle,grass,right
1,38,jungle,grass,right
1,39,jungle,grass,right
1,40,jungle,grass,right
1,41,jungle,grass,right
1,42,jungle,grass,right
1,43,jungle,grass,right
1,44,jungle,grass,right
1,45,jungle,grass,right
1,46,jungle,grass,right
1,47,jungle,grass,right
1,48,jungle,grass,right
1,49,jungle,grass,center
1,1,jungle,grass,down
1,50,jungle,grass,center
2,1,jungle,grass,down
2,50,jungle,grass,center
3,1,jungle,grass,down
3,50,jungle,grass,center
4,1,jungle,grass,down
4,50,jungle,grass,center
4,48,jungle,grass,upend
5,1,jungle,grass,down
5,50,jungle,grass,center
6,1,jungle,grass,down
6,50,jungle,grass,center
7,1,jungle,grass,down
7,50,jungle,grass,center
8,1,jungle,grass,down
8,50,jungle,grass,center
9,1,jungle,grass,down
9,50,jungle,grass,center
10,1,jungle,grass,down
10,50,jungle,grass,center
11,1,jungle,grass,down
11,50,jungle,grass,center
12,1,jungle,grass,down
12,50,jungle,grass,center
13,1,jungle,grass,down
13,50,jungle,grass,center
14,1,jungle,grass,down
14,50,jungle,grass,center
15,1,jungle,grass,down
15,50,jungle,grass,center
16,1,jungle,grass,down
16,50,jungle,grass,center
17,1,jungle,grass,down
17,50,jungle,grass,center
18,1,jungle,grass,down
18,50,jungle,grass,center
19,1,jungle,grass,down
19,50,jungle,grass,center
20,1,jungle,grass,down
20,50,jungle,grass,center
21,1,jungle,grass,down
21,50,jungle,grass,center
22,1,jungle,grass,down
22,50,jungle,grass,center
23,1,jungle,grass,down
23,50,jungle,grass,center
24,1,jungle,grass,down
24,50,jungle,grass,center
25,1,jungle,grass,down
25,50,jungle,grass,center
26,1,jungle,grass,down
26,50,jungle,grass,center
27,1,jungle,grass,down
27,50,jungle,grass,center
28,1,jungle,grass,down
28,50,jungle,grass,center
29,1,jungle,grass,down
29,50,jungle,grass,center
30,1,jungle,grass,down
30,50,jungle,grass,center
31,1,jungle,grass,down
31,50,jungle,grass,center
32,1,jungle,grass,down
32,50,jungle,grass,center
33,1,jungle,grass,down
33,50,jungle,grass,center
34,1,jungle,grass,down
34,50,jungle,grass,center
35,1,jungle,grass,down
35,50,jungle,grass,center
36,1,jungle,grass,down
36,50,jungle,grass,center
37,1,jungle,grass,down
37,50,jungle,grass,center
38,1,jungle,grass,down
38,50,jungle,grass,center
39,1,jungle,grass,down
39,50,jungle,grass,center
40,1,jungle,grass,down
40,50,jungle,grass,center
41,1,jungle,grass,down
41,50,jungle,grass,center
42,1,jungle,grass,down
42,50,jungle,grass,center
43,1,jungle,grass,down
43,50,jungle,grass,center
44,1,jungle,grass,down
44,50,jungle,grass,center
45,1,jungle,grass,down
45,50,jungle,grass,center
46,1,jungle,grass,down
46,50,jungle,grass,center
47,1,jungle,grass,down
47,50,jungle,grass,center
48,1,jungle,grass,down
48,50,jungle,grass,center
49,50,jungle,grass,center
50,50,jungle,grass,center
1,0,jungle,grass,center
2,0,jungle,grass,center
2,49,jungle,grass,up
3,0,jungle,grass,center
3,49,jungle,grass,up
4,0,jungle,grass,center
4,49,jungle,grass,center
4,48,jungle,grass,upend
5,0,jungle,grass,center
5,49,jungle,grass,up
6,0,jungle,grass,center
6,49,jungle,grass,up
7,0,jungle,grass,center
7,49,jungle,grass,up
8,0,jungle,grass,center
8,49,jungle,grass,up
9,0,jungle,grass,center
9,49,jungle,grass,up
10,0,jungle,grass,center
10,49,jungle,grass,up
11,0,jungle,grass,center
11,49,jungle,grass,up
12,0,jungle,grass,center
12,49,jungle,grass,up
13,0,jungle,grass,center
13,49,jungle,grass,up
14,0,jungle,grass,center
14,49,jungle,grass,up
15,0,jungle,grass,center
15,49,jungle,grass,up
16,0,jungle,grass,center
16,49,jungle,grass,up
17,0,jungle,grass,center
17,49,jungle,grass,up
18,0,jungle,grass,center
18,49,jungle,grass,up
19,0,jungle,grass,center
19,49,jungle,grass,up
20,0,jungle,grass,center
20,49,jungle,grass,up
21,0,jungle,grass,center
21,49,jungle,grass,up
22,0,jungle,grass,center
22,49,jungle,grass,up
23,0,jungle,grass,center
23,49,jungle,grass,up
24,0,jungle,grass,center
24,49,jungle,grass,up
25,0,jungle,grass,center
25,49,jungle,grass,up
26,0,jungle,grass,center
26,49,jungle,grass,up
27,0,jungle,grass,center
27,49,jungle,grass,up
28,0,jungle,grass,center
28,49,jungle,grass,up
29,0,jungle,grass,center
29,49,jungle,grass,up
30,0,jungle,grass,center
30,49,jungle,grass,up
31,0,jungle,grass,center
31,49,jungle,grass,up
32,0,jungle,grass,center
32,49,jungle,grass,up
33,0,jungle,grass,center
33,49,jungle,grass,up
34,0,jungle,grass,center
34,49,jungle,grass,up
35,0,jungle,grass,center
35,49,jungle,grass,up
36,0,jungle,grass,center
36,49,jungle,grass,up
37,0,jungle,grass,center
37,49,jungle,grass,up
38,0,jungle,grass,center
38,49,jungle,grass,up
39,0,jungle,grass,center
39,49,jungle,grass,up
40,0,jungle,grass,center
40,49,jungle,grass,up
41,0,jungle,grass,center
41,49,jungle,grass,up
42,0,jungle,grass,center
42,49,jungle,grass,up
43,0,jungle,grass,center
43,49,jungle,grass,up
44,0,jungle,grass,center
44,49,jungle,grass,up
45,0,jungle,grass,center
45,49,jungle,grass,up
46,0,jungle,grass,center
46,49,jungle,grass,up
47,0,jungle,grass,center
47,49,jungle,grass,up
48,0,jungle,grass,center
48,49,jungle,grass,up
49,0,jungle,grass,center
50,1,jungle,grass,center
50,2,jungle,grass,center
50,3,jungle,grass,center
50,4,jungle,grass,center
50,5,jungle,grass,center
50,6,jungle,grass,center
50,7,jungle,grass,center
50,8,jungle,grass,center
50,9,jungle,grass,center
50,10,jungle,grass,center
50,11,jungle,grass,center
50,12,jungle,grass,center
50,13,jungle,grass,center
50,14,jungle,grass,center
50,15,jungle,grass,center
50,16,jungle,grass,center
50,17,jungle,grass,center
50,18,jungle,grass,center
50,19,jungle,grass,center
50,20,jungle,grass,center
50,21,jungle,grass,center
50,22,jungle,grass,center
50,23,jungle,grass,center
50,24,jungle,grass,center
50,25,jungle,grass,center
50,26,jungle,grass,center
50,27,jungle,grass,center
50,28,jungle,grass,center
50,29,jungle,grass,center
50,30,jungle,grass,center
50,31,jungle,grass,center
50,32,jungle,grass,center
50,33,jungle,grass,center
50,34,jungle,grass,center
50,35,jungle,grass,center
50,36,jungle,grass,center
50,37,jungle,grass,center
50,38,jungle,grass,center
50,39,jungle,grass,center
50,40,jungle,grass,center
50,41,jungle,grass,center
50,42,jungle,grass,center
50,43,jungle,grass,center
50,44,jungle,grass,center
50,45,jungle,grass,center
50,46,jungle,grass,center
50,47,jungle,grass,center
50,48,jungle,grass,center
50,49,jungle,grass,center
49,1,jungle,grass,left
49,2,jungle,grass,left
49,3,jungle,grass,left
49,4,jungle,grass,left
49,5,jungle,grass,left
49,6,jungle,grass,left
49,7,jungle,grass,left
49,8,jungle,grass,left
49,9,jungle,grass,left
49,10,jungle,grass,left
49,11,jungle,grass,left
49,12,jungle,grass,left
49,13,jungle,grass,left
49,14,jungle,grass,left
49,15,jungle,grass,left
49,16,jungle,grass,left
49,17,jungle,grass,left
49,18,jungle,grass,left
49,19,jungle,grass,left
49,20,jungle,grass,left
49,21,jungle,grass,left
49,22,jungle,grass,left
49,23,jungle,grass,left
49,24,jungle,grass,left
49,25,jungle,grass,left
49,26,jungle,grass,left
49,27,jungle,grass,left
49,28,jungle,grass,left
49,29,jungle,grass,left
49,30,jungle,grass,left
49,31,jungle,grass,left
49,32,jungle,grass,left
49,33,jungle,grass,left
49,34,jungle,grass,left
49,35,jungle,grass,left
49,36,jungle,grass,left
49,37,jungle,grass,left
49,38,jungle,grass,left
49,39,jungle,grass,left
49,40,jungle,grass,left
49,41,jungle,grass,left
49,42,jungle,grass,left
49,43,jungle,grass,left
49,44,jungle,grass,left
49,45,jungle,grass,left
49,46,jungle,grass,left
49,47,jungle,grass,left
49,48,jungle,grass,left
49,49,jungle,grass,center
28,43,hotzone,techpipe,updown
27,43,hotzone,techpipe,leftend
29,43,hotzone,techpipe,rightend
enveffects:
1,48:water
2,48:water
3,48:water
4,48:water
bgprops:
1000,1900,jungle,grass,trees,1
