52,52
25,45
blocks:
0,0,jungle,grass,center,0
0,1,jungle,grass,center,0
0,2,jungle,grass,center,0
0,3,jungle,grass,center,0
0,4,jungle,grass,center,0
0,5,jungle,grass,center,0
0,6,jungle,grass,center,0
0,7,jungle,grass,center,0
0,8,jungle,grass,center,0
0,9,jungle,grass,center,0
0,10,jungle,grass,center,0
0,11,jungle,grass,center,0
0,12,jungle,grass,center,0
0,13,jungle,grass,center,0
0,14,jungle,grass,center,0
0,15,jungle,grass,center,0
0,16,jungle,grass,center,0
0,17,jungle,grass,center,0
0,18,jungle,grass,center,0
0,19,jungle,grass,center,0
0,20,jungle,grass,center,0
0,21,jungle,grass,center,0
0,22,jungle,grass,center,0
0,23,jungle,grass,center,0
0,24,jungle,grass,center,0
0,25,jungle,grass,center,0
0,26,jungle,grass,center,0
0,27,jungle,grass,center,0
0,28,jungle,grass,center,0
0,29,jungle,grass,center,0
0,30,jungle,grass,center,0
0,31,jungle,grass,center,0
0,32,jungle,grass,center,0
0,33,jungle,grass,center,0
0,34,jungle,grass,center,0
0,35,jungle,grass,center,0
0,36,jungle,grass,center,0
0,37,jungle,grass,center,0
0,38,jungle,grass,center,0
0,39,jungle,grass,center,0
0,40,jungle,grass,center,0
0,41,jungle,grass,center,0
0,42,jungle,grass,center,0
0,43,jungle,grass,center,0
0,44,jungle,grass,center,0
0,45,jungle,grass,center,0
0,46,jungle,grass,center,0
0,47,jungle,grass,center,0
0,48,jungle,grass,center,0
0,49,jungle,grass,center,0
0,50,jungle,grass,center,0
0,0,jungle,grass,center,0
1,1,jungle,grass,right,0
1,2,jungle,grass,right,0
1,3,jungle,grass,right,0
1,4,jungle,grass,right,0
1,5,jungle,grass,right,0
1,6,jungle,grass,right,0
1,7,jungle,grass,right,0
1,8,jungle,grass,right,0
1,9,jungle,grass,right,0
1,10,jungle,grass,right,0
1,11,jungle,grass,right,0
1,12,jungle,grass,right,0
1,13,jungle,grass,right,0
1,14,jungle,grass,right,0
1,15,jungle,grass,right,0
1,16,jungle,grass,right,0
1,17,jungle,grass,right,0
1,18,jungle,grass,right,0
1,19,jungle,grass,right,0
1,20,jungle,grass,right,0
1,21,jungle,grass,right,0
1,22,jungle,grass,right,0
1,23,jungle,grass,right,0
1,24,jungle,grass,right,0
1,25,jungle,grass,right,0
1,26,jungle,grass,right,0
1,27,jungle,grass,right,0
1,28,jungle,grass,right,0
1,29,jungle,grass,right,0
1,30,jungle,grass,right,0
1,31,jungle,grass,right,0
1,32,jungle,grass,right,0
1,33,jungle,grass,right,0
1,34,jungle,grass,right,0
1,35,jungle,grass,right,0
1,36,jungle,grass,right,0
1,37,jungle,grass,right,0
1,38,jungle,grass,right,0
1,39,jungle,grass,right,0
1,40,jungle,grass,right,0
1,41,jungle,grass,right,0
1,42,jungle,grass,right,0
1,43,jungle,grass,right,0
1,44,jungle,grass,right,0
1,45,jungle,grass,right,0
1,46,jungle,grass,right,0
1,47,jungle,grass,right,0
1,48,jungle,grass,right,0
1,49,jungle,grass,center,0
1,1,jungle,grass,down,0
1,50,jungle,grass,center,0
2,1,jungle,grass,down,0
2,50,jungle,grass,center,0
3,1,jungle,grass,down,0
3,50,jungle,grass,center,0
4,1,jungle,grass,down,0
4,50,jungle,grass,center,0
4,48,jungle,grass,upend,0
5,1,jungle,grass,down,0
5,50,jungle,grass,center,0
6,1,jungle,grass,down,0
6,50,jungle,grass,center,0
7,1,jungle,grass,down,0
7,50,jungle,grass,center,0
8,1,jungle,grass,down,0
8,50,jungle,grass,center,0
9,1,jungle,grass,down,0
9,50,jungle,grass,center,0
10,1,jungle,grass,down,0
10,50,jungle,grass,center,0
11,1,jungle,grass,down,0
11,50,jungle,grass,center,0
12,1,jungle,grass,down,0
12,50,jungle,grass,center,0
13,1,jungle,grass,down,0
13,50,jungle,grass,center,0
14,1,jungle,grass,down,0
14,50,jungle,grass,center,0
15,1,jungle,grass,down,0
15,50,jungle,grass,center,0
16,1,jungle,grass,down,0
16,50,jungle,grass,center,0
17,1,jungle,grass,down,0
17,50,jungle,grass,center,0
18,1,jungle,grass,down,0
18,50,jungle,grass,center,0
19,1,jungle,grass,down,0
19,50,jungle,grass,center,0
20,1,jungle,grass,down,0
20,50,jungle,grass,center,0
21,1,jungle,grass,down,0
21,50,jungle,grass,center,0
22,1,jungle,grass,down,0
22,50,jungle,grass,center,0
23,1,jungle,grass,down,0
23,50,jungle,grass,center,0
24,1,jungle,grass,down,0
24,50,jungle,grass,center,0
25,1,jungle,grass,down,0
25,50,jungle,grass,center,0
26,1,jungle,grass,down,0
26,50,jungle,grass,center,0
27,1,jungle,grass,down,0
27,50,jungle,grass,center,0
28,1,jungle,grass,down,0
28,50,jungle,grass,center,0
29,1,jungle,grass,down,0
29,50,jungle,grass,center,0
30,1,jungle,grass,down,0
30,50,jungle,grass,center,0
31,1,jungle,grass,down,0
31,50,jungle,grass,center,0
32,1,jungle,grass,down,0
32,50,jungle,grass,center,0
33,1,jungle,grass,down,0
33,50,jungle,grass,center,0
34,1,jungle,grass,down,0
34,50,jungle,grass,center,0
35,1,jungle,grass,down,0
35,50,jungle,grass,center,0
36,1,jungle,grass,down,0
36,50,jungle,grass,center,0
37,1,jungle,grass,down,0
37,50,jungle,grass,center,0
38,1,jungle,grass,down,0
38,50,jungle,grass,center,0
39,1,jungle,grass,down,0
39,50,jungle,grass,center,0
40,1,jungle,grass,down,0
40,50,jungle,grass,center,0
41,1,jungle,grass,down,0
41,50,jungle,grass,center,0
42,1,jungle,grass,down,0
42,50,jungle,grass,center,0
43,1,jungle,grass,down,0
43,50,jungle,grass,center,0
44,1,jungle,grass,down,0
44,50,jungle,grass,center,0
45,1,jungle,grass,down,0
45,50,jungle,grass,center,0
46,1,jungle,grass,down,0
46,50,jungle,grass,center,0
47,1,jungle,grass,down,0
47,50,jungle,grass,center,0
48,1,jungle,grass,down,0
48,50,jungle,grass,center,0
49,50,jungle,grass,center,0
50,50,jungle,grass,center,0
1,0,jungle,grass,center,0
2,0,jungle,grass,center,0
2,49,jungle,grass,up,0
3,0,jungle,grass,center,0
3,49,jungle,grass,up,0
4,0,jungle,grass,center,0
4,49,jungle,grass,center,0
4,48,jungle,grass,upend,0
5,0,jungle,grass,center,0
5,49,jungle,grass,up,0
6,0,jungle,grass,center,0
6,49,jungle,grass,up,0
7,0,jungle,grass,center,0
7,49,jungle,grass,up,0
8,0,jungle,grass,center,0
8,49,jungle,grass,up,0
9,0,jungle,grass,center,0
9,49,jungle,grass,up,0
10,0,jungle,grass,center,0
10,49,jungle,grass,up,0
11,0,jungle,grass,center,0
11,49,jungle,grass,up,0
12,0,jungle,grass,center,0
12,49,jungle,grass,up,0
13,0,jungle,grass,center,0
13,49,jungle,grass,up,0
14,0,jungle,grass,center,0
14,49,jungle,grass,up,0
15,0,jungle,grass,center,0
15,49,jungle,grass,up,0
16,0,jungle,grass,center,0
16,49,jungle,grass,up,0
17,0,jungle,grass,center,0
17,49,jungle,grass,up,0
18,0,jungle,grass,center,0
18,49,jungle,grass,up,0
19,0,jungle,grass,center,0
19,49,jungle,grass,up,0
20,0,jungle,grass,center,0
20,49,jungle,grass,up,0
21,0,jungle,grass,center,0
21,49,jungle,grass,up,0
22,0,jungle,grass,center,0
22,49,jungle,grass,up,0
23,0,jungle,grass,center,0
23,49,jungle,grass,up,0
24,0,jungle,grass,center,0
24,49,jungle,grass,up,0
25,0,jungle,grass,center,0
25,49,jungle,grass,up,0
26,0,jungle,grass,center,0
26,49,jungle,grass,up,0
27,0,jungle,grass,center,0
27,49,jungle,grass,up,0
28,0,jungle,grass,center,0
28,49,jungle,grass,up,0
29,0,jungle,grass,center,0
29,49,jungle,grass,up,0
30,0,jungle,grass,center,0
30,49,jungle,grass,up,0
31,0,jungle,grass,center,0
31,49,jungle,grass,up,0
32,0,jungle,grass,center,0
32,49,jungle,grass,up,0
33,0,jungle,grass,center,0
33,49,jungle,grass,up,0
34,0,jungle,grass,center,0
34,49,jungle,grass,up,0
35,0,jungle,grass,center,0
35,49,jungle,grass,up,0
36,0,jungle,grass,center,0
36,49,jungle,grass,up,0
37,0,jungle,grass,center,0
37,49,jungle,grass,up,0
38,0,jungle,grass,center,0
38,49,jungle,grass,up,0
39,0,jungle,grass,center,0
39,49,jungle,grass,up,0
40,0,jungle,grass,center,0
40,49,jungle,grass,up,0
41,0,jungle,grass,center,0
41,49,jungle,grass,up,0
42,0,jungle,grass,center,0
42,49,jungle,grass,up,0
43,0,jungle,grass,center,0
43,49,jungle,grass,up,0
44,0,jungle,grass,center,0
44,49,jungle,grass,up,0
45,0,jungle,grass,center,0
45,49,jungle,grass,up,0
46,0,jungle,grass,center,0
46,49,jungle,grass,up,0
47,0,jungle,grass,center,0
47,49,jungle,grass,up,0
48,0,jungle,grass,center,0
48,49,jungle,grass,up,0
49,0,jungle,grass,center,0
50,1,jungle,grass,center,0
50,2,jungle,grass,center,0
50,3,jungle,grass,center,0
50,4,jungle,grass,center,0
50,5,jungle,grass,center,0
50,6,jungle,grass,center,0
50,7,jungle,grass,center,0
50,8,jungle,grass,center,0
50,9,jungle,grass,center,0
50,10,jungle,grass,center,0
50,11,jungle,grass,center,0
50,12,jungle,grass,center,0
50,13,jungle,grass,center,0
50,14,jungle,grass,center,0
50,15,jungle,grass,center,0
50,16,jungle,grass,center,0
50,17,jungle,grass,center,0
50,18,jungle,grass,center,0
50,19,jungle,grass,center,0
50,20,jungle,grass,center,0
50,21,jungle,grass,center,0
50,22,jungle,grass,center,0
50,23,jungle,grass,center,0
50,24,jungle,grass,center,0
50,25,jungle,grass,center,0
50,26,jungle,grass,center,0
50,27,jungle,grass,center,0
50,28,jungle,grass,center,0
50,29,jungle,grass,center,0
50,30,jungle,grass,center,0
50,31,jungle,grass,center,0
50,32,jungle,grass,center,0
50,33,jungle,grass,center,0
50,34,jungle,grass,center,0
50,35,jungle,grass,center,0
50,36,jungle,grass,center,0
50,37,jungle,grass,center,0
50,38,jungle,grass,center,0
50,39,jungle,grass,center,0
50,40,jungle,grass,center,0
50,41,jungle,grass,center,0
50,42,jungle,grass,center,0
50,43,jungle,grass,center,0
50,44,jungle,grass,center,0
50,45,jungle,grass,center,0
50,46,jungle,grass,center,0
50,47,jungle,grass,center,0
50,48,jungle,grass,center,0
50,49,jungle,grass,center,0
49,1,jungle,grass,left,0
49,2,jungle,grass,left,0
49,3,jungle,grass,left,0
49,4,jungle,grass,left,0
49,5,jungle,grass,left,0
49,6,jungle,grass,left,0
49,7,jungle,grass,left,0
49,8,jungle,grass,left,0
49,9,jungle,grass,left,0
49,10,jungle,grass,left,0
49,11,jungle,grass,left,0
49,12,jungle,grass,left,0
49,13,jungle,grass,left,0
49,14,jungle,grass,left,0
49,15,jungle,grass,left,0
49,16,jungle,grass,left,0
49,17,jungle,grass,left,0
49,18,jungle,grass,left,0
49,19,jungle,grass,left,0
49,20,jungle,grass,left,0
49,21,jungle,grass,left,0
49,22,jungle,grass,left,0
49,23,jungle,grass,left,0
49,24,jungle,grass,left,0
49,25,jungle,grass,left,0
49,26,jungle,grass,left,0
49,27,jungle,grass,left,0
49,28,jungle,grass,left,0
49,29,jungle,grass,left,0
49,30,jungle,grass,left,0
49,31,jungle,grass,left,0
49,32,jungle,grass,left,0
49,33,jungle,grass,left,0
49,34,jungle,grass,left,0
49,35,jungle,grass,left,0
49,36,jungle,grass,left,0
49,37,jungle,grass,left,0
49,38,jungle,grass,left,0
49,39,jungle,grass,left,0
49,40,jungle,grass,left,0
49,41,jungle,grass,left,0
49,42,jungle,grass,left,0
49,43,jungle,grass,left,0
49,44,jungle,grass,left,0
49,45,jungle,grass,left,0
49,46,jungle,grass,left,0
49,47,jungle,grass,left,0
49,48,jungle,grass,left,0
49,49,jungle,grass,center,0
28,43,hotzone,techpipe,updown,0
27,43,hotzone,techpipe,leftend,0
29,43,hotzone,techpipe,rightend,0
furniture:
enveffects:
1,48:water
2,48:water
3,48:water
4,48:water
scenery:
25,49,jungle,grass,trees,1
