52,52
25,45
blocks:
0,0,center,jungle,grass
0,1,center,jungle,grass
0,2,center,jungle,grass
0,3,center,jungle,grass
0,4,center,jungle,grass
0,5,center,jungle,grass
0,6,center,jungle,grass
0,7,center,jungle,grass
0,8,center,jungle,grass
0,9,center,jungle,grass
0,10,center,jungle,grass
0,11,center,jungle,grass
0,12,center,jungle,grass
0,13,center,jungle,grass
0,14,center,jungle,grass
0,15,center,jungle,grass
0,16,center,jungle,grass
0,17,center,jungle,grass
0,18,center,jungle,grass
0,19,center,jungle,grass
0,20,center,jungle,grass
0,21,center,jungle,grass
0,22,center,jungle,grass
0,23,center,jungle,grass
0,24,center,jungle,grass
0,25,center,jungle,grass
0,26,center,jungle,grass
0,27,center,jungle,grass
0,28,center,jungle,grass
0,29,center,jungle,grass
0,30,center,jungle,grass
0,31,center,jungle,grass
0,32,center,jungle,grass
0,33,center,jungle,grass
0,34,center,jungle,grass
0,35,center,jungle,grass
0,36,center,jungle,grass
0,37,center,jungle,grass
0,38,center,jungle,grass
0,39,center,jungle,grass
0,40,center,jungle,grass
0,41,center,jungle,grass
0,42,center,jungle,grass
0,43,center,jungle,grass
0,44,center,jungle,grass
0,45,center,jungle,grass
0,46,center,jungle,grass
0,47,center,jungle,grass
0,48,center,jungle,grass
0,49,center,jungle,grass
0,50,center,jungle,grass
0,0,center,jungle,grass
1,1,right,jungle,grass
1,2,right,jungle,grass
1,3,right,jungle,grass
1,4,right,jungle,grass
1,5,right,jungle,grass
1,6,right,jungle,grass
1,7,right,jungle,grass
1,8,right,jungle,grass
1,9,right,jungle,grass
1,10,right,jungle,grass
1,11,right,jungle,grass
1,12,right,jungle,grass
1,13,right,jungle,grass
1,14,right,jungle,grass
1,15,right,jungle,grass
1,16,right,jungle,grass
1,17,right,jungle,grass
1,18,right,jungle,grass
1,19,right,jungle,grass
1,20,right,jungle,grass
1,21,right,jungle,grass
1,22,right,jungle,grass
1,23,right,jungle,grass
1,24,right,jungle,grass
1,25,right,jungle,grass
1,26,right,jungle,grass
1,27,right,jungle,grass
1,28,right,jungle,grass
1,29,right,jungle,grass
1,30,right,jungle,grass
1,31,right,jungle,grass
1,32,right,jungle,grass
1,33,right,jungle,grass
1,34,right,jungle,grass
1,35,right,jungle,grass
1,36,right,jungle,grass
1,37,right,jungle,grass
1,38,right,jungle,grass
1,39,right,jungle,grass
1,40,right,jungle,grass
1,41,right,jungle,grass
1,42,right,jungle,grass
1,43,right,jungle,grass
1,44,right,jungle,grass
1,45,right,jungle,grass
1,46,right,jungle,grass
1,47,right,jungle,grass
1,48,right,jungle,grass
1,49,center,jungle,grass
1,1,down,jungle,grass
1,50,center,jungle,grass
2,1,down,jungle,grass
2,50,center,jungle,grass
3,1,down,jungle,grass
3,50,center,jungle,grass
4,1,down,jungle,grass
4,50,center,jungle,grass
4,48,upend,jungle,grass
5,1,down,jungle,grass
5,50,center,jungle,grass
6,1,down,jungle,grass
6,50,center,jungle,grass
7,1,down,jungle,grass
7,50,center,jungle,grass
8,1,down,jungle,grass
8,50,center,jungle,grass
9,1,down,jungle,grass
9,50,center,jungle,grass
10,1,down,jungle,grass
10,50,center,jungle,grass
11,1,down,jungle,grass
11,50,center,jungle,grass
12,1,down,jungle,grass
12,50,center,jungle,grass
13,1,down,jungle,grass
13,50,center,jungle,grass
14,1,down,jungle,grass
14,50,center,jungle,grass
15,1,down,jungle,grass
15,50,center,jungle,grass
16,1,down,jungle,grass
16,50,center,jungle,grass
17,1,down,jungle,grass
17,50,center,jungle,grass
18,1,down,jungle,grass
18,50,center,jungle,grass
19,1,down,jungle,grass
19,50,center,jungle,grass
20,1,down,jungle,grass
20,50,center,jungle,grass
21,1,down,jungle,grass
21,50,center,jungle,grass
22,1,down,jungle,grass
22,50,center,jungle,grass
23,1,down,jungle,grass
23,50,center,jungle,grass
24,1,down,jungle,grass
24,50,center,jungle,grass
25,1,down,jungle,grass
25,50,center,jungle,grass
26,1,down,jungle,grass
26,50,center,jungle,grass
27,1,down,jungle,grass
27,50,center,jungle,grass
28,1,down,jungle,grass
28,50,center,jungle,grass
29,1,down,jungle,grass
29,50,center,jungle,grass
30,1,down,jungle,grass
30,50,center,jungle,grass
31,1,down,jungle,grass
31,50,center,jungle,grass
32,1,down,jungle,grass
32,50,center,jungle,grass
33,1,down,jungle,grass
33,50,center,jungle,grass
34,1,down,jungle,grass
34,50,center,jungle,grass
35,1,down,jungle,grass
35,50,center,jungle,grass
36,1,down,jungle,grass
36,50,center,jungle,grass
37,1,down,jungle,grass
37,50,center,jungle,grass
38,1,down,jungle,grass
38,50,center,jungle,grass
39,1,down,jungle,grass
39,50,center,jungle,grass
40,1,down,jungle,grass
40,50,center,jungle,grass
41,1,down,jungle,grass
41,50,center,jungle,grass
42,1,down,jungle,grass
42,50,center,jungle,grass
43,1,down,jungle,grass
43,50,center,jungle,grass
44,1,down,jungle,grass
44,50,center,jungle,grass
45,1,down,jungle,grass
45,50,center,jungle,grass
46,1,down,jungle,grass
46,50,center,jungle,grass
47,1,down,jungle,grass
47,50,center,jungle,grass
48,1,down,jungle,grass
48,50,center,jungle,grass
49,50,center,jungle,grass
50,50,center,jungle,grass
1,0,center,jungle,grass
2,0,center,jungle,grass
2,49,up,jungle,grass
3,0,center,jungle,grass
3,49,up,jungle,grass
4,0,center,jungle,grass
4,49,center,jungle,grass
4,48,upend,jungle,grass
5,0,center,jungle,grass
5,49,up,jungle,grass
6,0,center,jungle,grass
6,49,up,jungle,grass
7,0,center,jungle,grass
7,49,up,jungle,grass
8,0,center,jungle,grass
8,49,up,jungle,grass
9,0,center,jungle,grass
9,49,up,jungle,grass
10,0,center,jungle,grass
10,49,up,jungle,grass
11,0,center,jungle,grass
11,49,up,jungle,grass
12,0,center,jungle,grass
12,49,up,jungle,grass
13,0,center,jungle,grass
13,49,up,jungle,grass
14,0,center,jungle,grass
14,49,up,jungle,grass
15,0,center,jungle,grass
15,49,up,jungle,grass
16,0,center,jungle,grass
16,49,up,jungle,grass
17,0,center,jungle,grass
17,49,up,jungle,grass
18,0,center,jungle,grass
18,49,up,jungle,grass
19,0,center,jungle,grass
19,49,up,jungle,grass
20,0,center,jungle,grass
20,49,up,jungle,grass
21,0,center,jungle,grass
21,49,up,jungle,grass
22,0,center,jungle,grass
22,49,up,jungle,grass
23,0,center,jungle,grass
23,49,up,jungle,grass
24,0,center,jungle,grass
24,49,up,jungle,grass
25,0,center,jungle,grass
25,49,up,jungle,grass
26,0,center,jungle,grass
26,49,up,jungle,grass
27,0,center,jungle,grass
27,49,up,jungle,grass
28,0,center,jungle,grass
28,49,up,jungle,grass
29,0,center,jungle,grass
29,49,up,jungle,grass
30,0,center,jungle,grass
30,49,up,jungle,grass
31,0,center,jungle,grass
31,49,up,jungle,grass
32,0,center,jungle,grass
32,49,up,jungle,grass
33,0,center,jungle,grass
33,49,up,jungle,grass
34,0,center,jungle,grass
34,49,up,jungle,grass
35,0,center,jungle,grass
35,49,up,jungle,grass
36,0,center,jungle,grass
36,49,up,jungle,grass
37,0,center,jungle,grass
37,49,up,jungle,grass
38,0,center,jungle,grass
38,49,up,jungle,grass
39,0,center,jungle,grass
39,49,up,jungle,grass
40,0,center,jungle,grass
40,49,up,jungle,grass
41,0,center,jungle,grass
41,49,up,jungle,grass
42,0,center,jungle,grass
42,49,up,jungle,grass
43,0,center,jungle,grass
43,49,up,jungle,grass
44,0,center,jungle,grass
44,49,up,jungle,grass
45,0,center,jungle,grass
45,49,up,jungle,grass
46,0,center,jungle,grass
46,49,up,jungle,grass
47,0,center,jungle,grass
47,49,up,jungle,grass
48,0,center,jungle,grass
48,49,up,jungle,grass
49,0,center,jungle,grass
50,1,center,jungle,grass
50,2,center,jungle,grass
50,3,center,jungle,grass
50,4,center,jungle,grass
50,5,center,jungle,grass
50,6,center,jungle,grass
50,7,center,jungle,grass
50,8,center,jungle,grass
50,9,center,jungle,grass
50,10,center,jungle,grass
50,11,center,jungle,grass
50,12,center,jungle,grass
50,13,center,jungle,grass
50,14,center,jungle,grass
50,15,center,jungle,grass
50,16,center,jungle,grass
50,17,center,jungle,grass
50,18,center,jungle,grass
50,19,center,jungle,grass
50,20,center,jungle,grass
50,21,center,jungle,grass
50,22,center,jungle,grass
50,23,center,jungle,grass
50,24,center,jungle,grass
50,25,center,jungle,grass
50,26,center,jungle,grass
50,27,center,jungle,grass
50,28,center,jungle,grass
50,29,center,jungle,grass
50,30,center,jungle,grass
50,31,center,jungle,grass
50,32,center,jungle,grass
50,33,center,jungle,grass
50,34,center,jungle,grass
50,35,center,jungle,grass
50,36,center,jungle,grass
50,37,center,jungle,grass
50,38,center,jungle,grass
50,39,center,jungle,grass
50,40,center,jungle,grass
50,41,center,jungle,grass
50,42,center,jungle,grass
50,43,center,jungle,grass
50,44,center,jungle,grass
50,45,center,jungle,grass
50,46,center,jungle,grass
50,47,center,jungle,grass
50,48,center,jungle,grass
50,49,center,jungle,grass
49,1,left,jungle,grass
49,2,left,jungle,grass
49,3,left,jungle,grass
49,4,left,jungle,grass
49,5,left,jungle,grass
49,6,left,jungle,grass
49,7,left,jungle,grass
49,8,left,jungle,grass
49,9,left,jungle,grass
49,10,left,jungle,grass
49,11,left,jungle,grass
49,12,left,jungle,grass
49,13,left,jungle,grass
49,14,left,jungle,grass
49,15,left,jungle,grass
49,16,left,jungle,grass
49,17,left,jungle,grass
49,18,left,jungle,grass
49,19,left,jungle,grass
49,20,left,jungle,grass
49,21,left,jungle,grass
49,22,left,jungle,grass
49,23,left,jungle,grass
49,24,left,jungle,grass
49,25,left,jungle,grass
49,26,left,jungle,grass
49,27,left,jungle,grass
49,28,left,jungle,grass
49,29,left,jungle,grass
49,30,left,jungle,grass
49,31,left,jungle,grass
49,32,left,jungle,grass
49,33,left,jungle,grass
49,34,left,jungle,grass
49,35,left,jungle,grass
49,36,left,jungle,grass
49,37,left,jungle,grass
49,38,left,jungle,grass
49,39,left,jungle,grass
49,40,left,jungle,grass
49,41,left,jungle,grass
49,42,left,jungle,grass
49,43,left,jungle,grass
49,44,left,jungle,grass
49,45,left,jungle,grass
49,46,left,jungle,grass
49,47,left,jungle,grass
49,48,left,jungle,grass
49,49,center,jungle,grass
enveffects:
1,48:water
2,48:water
3,48:water
4,48:water
bgprops:
1000,1900,jungle,grass,trees,1
